2025-07-08 10:19:29,967 - INFO - Authenticating user: brucy
2025-07-08 10:19:29,967 - INFO - Fetching user by username: brucy
2025-07-08 10:19:30,027 - INFO - Successfully connected to the MySQL database.
2025-07-08 10:19:30,027 - DEBUG - Executed query (fetch_one): SELECT user_id, username, email, password_hash, created_at FROM users WHERE username = %s | Params: ('brucy',) | Result: {'user_id': 2, 'username': 'brucy', 'email': 'brucy@gmail.com', 'password_hash': '$2b$12$vH4.n1Ws8zbB4TKERi9Uhe0/JOeqR6E8BSt.HgltZ1yv4zJ1dTyOe', 'created_at': datetime.datetime(2025, 7, 2, 11, 26, 51)}
2025-07-08 10:19:30,027 - DEBUG - User found: {'user_id': 2, 'username': 'brucy', 'email': 'brucy@gmail.com', 'password_hash': '$2b$12$vH4.n1Ws8zbB4TKERi9Uhe0/JOeqR6E8BSt.HgltZ1yv4zJ1dTyOe', 'created_at': datetime.datetime(2025, 7, 2, 11, 26, 51)}
2025-07-08 10:19:30,389 - DEBUG - Password check result: True
2025-07-08 10:19:30,389 - INFO - User 'brucy' authenticated successfully.
2025-07-08 10:19:30,599 - INFO - Counting catalogs | search='', status='None'
2025-07-08 10:19:30,613 - INFO - Successfully connected to the MySQL database.
2025-07-08 10:19:30,614 - DEBUG - Executed query (fetch_one): SELECT COUNT(*) FROM catalog WHERE 1=1 | Params: () | Result: {'COUNT(*)': 72}
2025-07-08 10:19:30,614 - DEBUG - Total catalogs matched: 72
2025-07-08 10:19:30,614 - INFO - Retrieving all catalogs | search='', status='None', page=1, per_page=10
2025-07-08 10:19:30,625 - INFO - Successfully connected to the MySQL database.
2025-07-08 10:19:30,627 - DEBUG - Executed query (fetch_all): SELECT * FROM catalog WHERE 1=1 ORDER BY catalog_id DESC LIMIT %s OFFSET %s | Params: (10, 0) | Result count: 10
2025-07-08 10:20:23,239 - INFO - Counting catalogs | search='', status='None'
2025-07-08 10:20:23,249 - INFO - Successfully connected to the MySQL database.
2025-07-08 10:20:23,250 - DEBUG - Executed query (fetch_one): SELECT COUNT(*) FROM catalog WHERE 1=1 | Params: () | Result: {'COUNT(*)': 72}
2025-07-08 10:20:23,250 - DEBUG - Total catalogs matched: 72
2025-07-08 10:20:23,252 - INFO - Retrieving all catalogs | search='', status='None', page=1, per_page=10
2025-07-08 10:20:23,259 - INFO - Successfully connected to the MySQL database.
2025-07-08 10:20:23,260 - DEBUG - Executed query (fetch_all): SELECT * FROM catalog WHERE 1=1 ORDER BY catalog_id DESC LIMIT %s OFFSET %s | Params: (10, 0) | Result count: 10
